// Jest Snapshot v1, https://goo.gl/fbAQLP

exports[`Button component should render as expected 1`] = `
<button
  className="bg-indigo-dark hover:bg-indigo-darker text-white font-bold py-2 px-4 rounded-full "
  data-test="button"
/>
`;
