// Jest Snapshot v1, https://goo.gl/fbAQLP

exports[`Comments Comments component should render as expected 1`] = `
<div
  className="py-2"
>
  <h2
    className="text-indigo-darker border-b mb-4"
  >
    Comments
  </h2>
  <CreateNewComment
    updateComments={[Function]}
  />
</div>
`;
