// Jest Snapshot v1, https://goo.gl/fbAQLP

exports[`Button component should render as expected 1`] = `
<p
  className="bg-indigo-dark text-white font-bold py-2 px-4 mb-2 rounded-full h-8"
/>
`;
