// Jest Snapshot v1, https://goo.gl/fbAQLP

exports[`CreateNewPost component should render as expected 1`] = `<registerServiceWorker />`;
