// Jest Snapshot v1, https://goo.gl/fbAQLP

exports[`Index component should render as expected 1`] = `<index />`;
